Copyright 1986-2022 Xilinx, Inc. All Rights Reserved.
----------------------------------------------------------------------------------------------------------------------------
| Tool Version : Vivado v.2022.2 (win64) Build 3671981 Fri Oct 14 05:00:03 MDT 2022
| Date         : Tue Sep 29 18:05:22 2026
| Host         : Karthik running 64-bit major release  (build 9200)
| Command      : report_utilization -hierarchical -file D:/Projects/RC_Project/docs/t1_reports/cfg_add_utilization_hier.rpt
| Design       : top_dfx
| Device       : xc7z020clg484-1
| Speed File   : -1
| Design State : Routed
----------------------------------------------------------------------------------------------------------------------------

Utilization Design Information

Table of Contents
-----------------
1. Utilization by Hierarchy

1. Utilization by Hierarchy
---------------------------

+------------------------------------------------------------------------------------+------------------------------------------------------+----------------+--------------+------------+------------+---------+------+------+--------+--------+------------+
|                                      Instance                                      |                        Module                        |  PR Attribute  | Total PPLOCs | Total LUTs | Logic LUTs | LUTRAMs | SRLs |  FFs | RAMB36 | RAMB18 | DSP Blocks |
+------------------------------------------------------------------------------------+------------------------------------------------------+----------------+--------------+------------+------------+---------+------+------+--------+--------+------------+
| top_dfx                                                                            |                                                (top) |              - |           78 |        676 |        652 |      24 |    0 | 1465 |      0 |      0 |          0 |
|   (top_dfx)                                                                        |                                                (top) |              - |            - |          1 |          1 |       0 |    0 |    1 |      0 |      0 |          0 |
|   U_DC                                                                             |                                         dfx_decouple |         Static |            - |          1 |          1 |       0 |    0 |   44 |      0 |      0 |          0 |
|   U_RP                                                                             |                                                rp_t1 | Reconfigurable |           78 |         40 |         40 |       0 |    0 |   53 |      0 |      0 |          0 |
|   U_RST                                                                            |                                             rst_sync |         Static |            - |          2 |          2 |       0 |    0 |    2 |      0 |      0 |          0 |
|   U_UP                                                                             |                                               uptime |         Static |            - |         18 |         18 |       0 |    0 |   65 |      0 |      0 |          0 |
|   U_VIO                                                                            |                                              vio_dfx |         Static |            - |        168 |        168 |       0 |    0 |  559 |      0 |      0 |          0 |
|     (U_VIO)                                                                        |                                              vio_dfx |         Static |            - |          0 |          0 |       0 |    0 |    0 |      0 |      0 |          0 |
|     inst                                                                           |                              vio_dfx_vio_v3_0_23_vio |         Static |            - |        168 |        168 |       0 |    0 |  559 |      0 |      0 |          0 |
|       (inst)                                                                       |                              vio_dfx_vio_v3_0_23_vio |         Static |            - |          0 |          0 |       0 |    0 |   16 |      0 |      0 |          0 |
|       DECODER_INST                                                                 |                          vio_dfx_vio_v3_0_23_decoder |         Static |            - |         41 |         41 |       0 |    0 |   51 |      0 |      0 |          0 |
|       PROBE_IN_INST                                                                |                     vio_dfx_vio_v3_0_23_probe_in_one |         Static |            - |         29 |         29 |       0 |    0 |  237 |      0 |      0 |          0 |
|       PROBE_IN_WIDTH_INST                                                          |                      vio_dfx_vio_v3_0_23_probe_width |         Static |            - |          1 |          1 |       0 |    0 |    2 |      0 |      0 |          0 |
|       PROBE_OUT_ALL_INST                                                           |                    vio_dfx_vio_v3_0_23_probe_out_all |         Static |            - |         21 |         21 |       0 |    0 |   90 |      0 |      0 |          0 |
|         (PROBE_OUT_ALL_INST)                                                       |                    vio_dfx_vio_v3_0_23_probe_out_all |         Static |            - |         19 |         19 |       0 |    0 |   22 |      0 |      0 |          0 |
|         G_PROBE_OUT[0].PROBE_OUT0_INST                                             |                    vio_dfx_vio_v3_0_23_probe_out_one |         Static |            - |          1 |          1 |       0 |    0 |    2 |      0 |      0 |          0 |
|         G_PROBE_OUT[1].PROBE_OUT0_INST                                             |                  vio_dfx_vio_v3_0_23_probe_out_one_0 |         Static |            - |          1 |          1 |       0 |    0 |    2 |      0 |      0 |          0 |
|         G_PROBE_OUT[2].PROBE_OUT0_INST                                             |    vio_dfx_vio_v3_0_23_probe_out_one__parameterized0 |         Static |            - |          0 |          0 |       0 |    0 |   32 |      0 |      0 |          0 |
|         G_PROBE_OUT[3].PROBE_OUT0_INST                                             |  vio_dfx_vio_v3_0_23_probe_out_one__parameterized0_1 |         Static |            - |          0 |          0 |       0 |    0 |   32 |      0 |      0 |          0 |
|       PROBE_OUT_WIDTH_INST                                                         |      vio_dfx_vio_v3_0_23_probe_width__parameterized0 |         Static |            - |          0 |          0 |       0 |    0 |    2 |      0 |      0 |          0 |
|       U_XSDB_SLAVE                                                                 |                           vio_dfx_xsdbs_v1_0_2_xsdbs |         Static |            - |         77 |         77 |       0 |    0 |  161 |      0 |      0 |          0 |
|   dbg_hub                                                                          |                                              dbg_hub |         Static |            - |        447 |        423 |      24 |    0 |  741 |      0 |      0 |          0 |
|     (dbg_hub)                                                                      |                                              dbg_hub |         Static |            - |          0 |          0 |       0 |    0 |    0 |      0 |      0 |          0 |
|     inst                                                                           |                           dbg_hub_xsdbm_v3_0_0_xsdbm |         Static |            - |        447 |        423 |      24 |    0 |  741 |      0 |      0 |          0 |
|       BSCANID.u_xsdbm_id                                                           |                        dbg_hub_xsdbm_v3_0_0_xsdbm_id |         Static |            - |        447 |        423 |      24 |    0 |  741 |      0 |      0 |          0 |
|         (BSCANID.u_xsdbm_id)                                                       |                        dbg_hub_xsdbm_v3_0_0_xsdbm_id |         Static |            - |         35 |         35 |       0 |    0 |   34 |      0 |      0 |          0 |
|         CORE_XSDB.UUT_MASTER                                                       |                       dbg_hub_xsdbm_v3_0_0_icon2xsdb |         Static |            - |        271 |        247 |      24 |    0 |  554 |      0 |      0 |          0 |
|           U_ICON_INTERFACE                                                         |                              dbg_hub_xsdbm_v3_0_0_if |         Static |            - |        162 |        138 |      24 |    0 |  450 |      0 |      0 |          0 |
|             (U_ICON_INTERFACE)                                                     |                              dbg_hub_xsdbm_v3_0_0_if |         Static |            - |          6 |          6 |       0 |    0 |   15 |      0 |      0 |          0 |
|             U_CMD1                                                                 |                         dbg_hub_xsdbm_v3_0_0_ctl_reg |         Static |            - |          2 |          2 |       0 |    0 |   10 |      0 |      0 |          0 |
|             U_CMD2                                                                 |                        dbg_hub_xsdbm_v3_0_0_stat_reg |         Static |            - |          5 |          5 |       0 |    0 |   22 |      0 |      0 |          0 |
|             U_CMD3                                                                 |        dbg_hub_xsdbm_v3_0_0_stat_reg__parameterized0 |         Static |            - |          4 |          4 |       0 |    0 |   18 |      0 |      0 |          0 |
|             U_CMD4                                                                 |         dbg_hub_xsdbm_v3_0_0_ctl_reg__parameterized0 |         Static |            - |          9 |          9 |       0 |    0 |   62 |      0 |      0 |          0 |
|             U_CMD5                                                                 |         dbg_hub_xsdbm_v3_0_0_ctl_reg__parameterized1 |         Static |            - |          9 |          9 |       0 |    0 |   42 |      0 |      0 |          0 |
|             U_CMD6_RD                                                              |                           dbg_hub_xsdbm_v3_0_0_rdreg |         Static |            - |         67 |         55 |      12 |    0 |  134 |      0 |      0 |          0 |
|               (U_CMD6_RD)                                                          |                           dbg_hub_xsdbm_v3_0_0_rdreg |         Static |            - |          2 |          2 |       0 |    0 |   20 |      0 |      0 |          0 |
|               U_RD_FIFO                                                            |                          dbg_hub_xsdbm_v3_0_0_rdfifo |         Static |            - |         65 |         53 |      12 |    0 |  114 |      0 |      0 |          0 |
|                 (U_RD_FIFO)                                                        |                          dbg_hub_xsdbm_v3_0_0_rdfifo |         Static |            - |         18 |         18 |       0 |    0 |    0 |      0 |      0 |          0 |
|                 SUBCORE_FIFO.xsdbm_v3_0_0_rdfifo_inst                              |       dbg_hub_fifo_generator_v13_1_4__parameterized0 |         Static |            - |         47 |         35 |      12 |    0 |  114 |      0 |      0 |          0 |
|                   (SUBCORE_FIFO.xsdbm_v3_0_0_rdfifo_inst)                          |       dbg_hub_fifo_generator_v13_1_4__parameterized0 |         Static |            - |          0 |          0 |       0 |    0 |    0 |      0 |      0 |          0 |
|                   inst_fifo_gen                                                    | dbg_hub_fifo_generator_v13_1_4_synth__parameterized0 |         Static |            - |         47 |         35 |      12 |    0 |  114 |      0 |      0 |          0 |
|                     gconvfifo.rf                                                   |           dbg_hub_fifo_generator_top__parameterized0 |         Static |            - |         47 |         35 |      12 |    0 |  114 |      0 |      0 |          0 |
|                       grf.rf                                                       |       dbg_hub_fifo_generator_ramfifo__parameterized0 |         Static |            - |         47 |         35 |      12 |    0 |  114 |      0 |      0 |          0 |
|                         gntv_or_sync_fifo.gcx.clkx                                 |                                dbg_hub_clk_x_pntrs_7 |         Static |            - |         12 |         12 |       0 |    0 |   32 |      0 |      0 |          0 |
|                           (gntv_or_sync_fifo.gcx.clkx)                             |                                dbg_hub_clk_x_pntrs_7 |         Static |            - |         10 |         10 |       0 |    0 |   16 |      0 |      0 |          0 |
|                           gnxpm_cdc.gsync_stage[1].rd_stg_inst                     |           dbg_hub_synchronizer_ff__parameterized0_19 |         Static |            - |          0 |          0 |       0 |    0 |    4 |      0 |      0 |          0 |
|                           gnxpm_cdc.gsync_stage[1].wr_stg_inst                     |           dbg_hub_synchronizer_ff__parameterized0_20 |         Static |            - |          0 |          0 |       0 |    0 |    4 |      0 |      0 |          0 |
|                           gnxpm_cdc.gsync_stage[2].rd_stg_inst                     |           dbg_hub_synchronizer_ff__parameterized0_21 |         Static |            - |          1 |          1 |       0 |    0 |    4 |      0 |      0 |          0 |
|                           gnxpm_cdc.gsync_stage[2].wr_stg_inst                     |           dbg_hub_synchronizer_ff__parameterized0_22 |         Static |            - |          1 |          1 |       0 |    0 |    4 |      0 |      0 |          0 |
|                         gntv_or_sync_fifo.gl0.rd                                   |                     dbg_hub_rd_logic__parameterized0 |         Static |            - |         14 |         14 |       0 |    0 |   19 |      0 |      0 |          0 |
|                           gr1.gr1_int.rfwft                                        |                                      dbg_hub_rd_fwft |         Static |            - |          7 |          7 |       0 |    0 |    8 |      0 |      0 |          0 |
|                           gras.rsts                                                |                        dbg_hub_rd_status_flags_as_17 |         Static |            - |          0 |          0 |       0 |    0 |    2 |      0 |      0 |          0 |
|                           grhf.rhf                                                 |         dbg_hub_rd_handshaking_flags__parameterized0 |         Static |            - |          0 |          0 |       0 |    0 |    1 |      0 |      0 |          0 |
|                           rpntr                                                    |                               dbg_hub_rd_bin_cntr_18 |         Static |            - |          7 |          7 |       0 |    0 |    8 |      0 |      0 |          0 |
|                         gntv_or_sync_fifo.gl0.wr                                   |                     dbg_hub_wr_logic__parameterized0 |         Static |            - |          5 |          5 |       0 |    0 |   15 |      0 |      0 |          0 |
|                           gwas.wsts                                                |                        dbg_hub_wr_status_flags_as_14 |         Static |            - |          2 |          2 |       0 |    0 |    2 |      0 |      0 |          0 |
|                           gwhf.whf                                                 |                      dbg_hub_wr_handshaking_flags_15 |         Static |            - |          0 |          0 |       0 |    0 |    1 |      0 |      0 |          0 |
|                           wpntr                                                    |                               dbg_hub_wr_bin_cntr_16 |         Static |            - |          3 |          3 |       0 |    0 |   12 |      0 |      0 |          0 |
|                         gntv_or_sync_fifo.mem                                      |                       dbg_hub_memory__parameterized0 |         Static |            - |         12 |          0 |      12 |    0 |   32 |      0 |      0 |          0 |
|                           (gntv_or_sync_fifo.mem)                                  |                       dbg_hub_memory__parameterized0 |         Static |            - |          0 |          0 |       0 |    0 |   16 |      0 |      0 |          0 |
|                           gdm.dm_gen.dm                                            |                                      dbg_hub_dmem_13 |         Static |            - |         12 |          0 |      12 |    0 |   16 |      0 |      0 |          0 |
|                         rstblk                                                     |                          dbg_hub_reset_blk_ramfifo_8 |         Static |            - |          4 |          4 |       0 |    0 |   16 |      0 |      0 |          0 |
|                           (rstblk)                                                 |                          dbg_hub_reset_blk_ramfifo_8 |         Static |            - |          0 |          0 |       0 |    0 |   12 |      0 |      0 |          0 |
|                           ngwrdrst.grst.g7serrst.gwrrd_rst_sync_stage[1].rrst_inst |                            dbg_hub_synchronizer_ff_9 |         Static |            - |          1 |          1 |       0 |    0 |    1 |      0 |      0 |          0 |
|                           ngwrdrst.grst.g7serrst.gwrrd_rst_sync_stage[1].wrst_inst |                           dbg_hub_synchronizer_ff_10 |         Static |            - |          1 |          1 |       0 |    0 |    1 |      0 |      0 |          0 |
|                           ngwrdrst.grst.g7serrst.gwrrd_rst_sync_stage[2].rrst_inst |                           dbg_hub_synchronizer_ff_11 |         Static |            - |          1 |          1 |       0 |    0 |    1 |      0 |      0 |          0 |
|                           ngwrdrst.grst.g7serrst.gwrrd_rst_sync_stage[2].wrst_inst |                           dbg_hub_synchronizer_ff_12 |         Static |            - |          1 |          1 |       0 |    0 |    1 |      0 |      0 |          0 |
|             U_CMD6_WR                                                              |                           dbg_hub_xsdbm_v3_0_0_wrreg |         Static |            - |         46 |         34 |      12 |    0 |  110 |      0 |      0 |          0 |
|               (U_CMD6_WR)                                                          |                           dbg_hub_xsdbm_v3_0_0_wrreg |         Static |            - |          2 |          2 |       0 |    0 |   20 |      0 |      0 |          0 |
|               U_WR_FIFO                                                            |                          dbg_hub_xsdbm_v3_0_0_wrfifo |         Static |            - |         44 |         32 |      12 |    0 |   90 |      0 |      0 |          0 |
|                 (U_WR_FIFO)                                                        |                          dbg_hub_xsdbm_v3_0_0_wrfifo |         Static |            - |          2 |          2 |       0 |    0 |    0 |      0 |      0 |          0 |
|                 SUBCORE_FIFO.xsdbm_v3_0_0_wrfifo_inst                              |                       dbg_hub_fifo_generator_v13_1_4 |         Static |            - |         42 |         30 |      12 |    0 |   90 |      0 |      0 |          0 |
|                   (SUBCORE_FIFO.xsdbm_v3_0_0_wrfifo_inst)                          |                       dbg_hub_fifo_generator_v13_1_4 |         Static |            - |          0 |          0 |       0 |    0 |    0 |      0 |      0 |          0 |
|                   inst_fifo_gen                                                    |                 dbg_hub_fifo_generator_v13_1_4_synth |         Static |            - |         42 |         30 |      12 |    0 |   90 |      0 |      0 |          0 |
|                     gconvfifo.rf                                                   |                           dbg_hub_fifo_generator_top |         Static |            - |         42 |         30 |      12 |    0 |   90 |      0 |      0 |          0 |
|                       grf.rf                                                       |                       dbg_hub_fifo_generator_ramfifo |         Static |            - |         42 |         30 |      12 |    0 |   90 |      0 |      0 |          0 |
|                         gntv_or_sync_fifo.gcx.clkx                                 |                                  dbg_hub_clk_x_pntrs |         Static |            - |         11 |         11 |       0 |    0 |   32 |      0 |      0 |          0 |
|                           (gntv_or_sync_fifo.gcx.clkx)                             |                                  dbg_hub_clk_x_pntrs |         Static |            - |          9 |          9 |       0 |    0 |   16 |      0 |      0 |          0 |
|                           gnxpm_cdc.gsync_stage[1].rd_stg_inst                     |              dbg_hub_synchronizer_ff__parameterized0 |         Static |            - |          0 |          0 |       0 |    0 |    4 |      0 |      0 |          0 |
|                           gnxpm_cdc.gsync_stage[1].wr_stg_inst                     |            dbg_hub_synchronizer_ff__parameterized0_4 |         Static |            - |          0 |          0 |       0 |    0 |    4 |      0 |      0 |          0 |
|                           gnxpm_cdc.gsync_stage[2].rd_stg_inst                     |            dbg_hub_synchronizer_ff__parameterized0_5 |         Static |            - |          1 |          1 |       0 |    0 |    4 |      0 |      0 |          0 |
|                           gnxpm_cdc.gsync_stage[2].wr_stg_inst                     |            dbg_hub_synchronizer_ff__parameterized0_6 |         Static |            - |          1 |          1 |       0 |    0 |    4 |      0 |      0 |          0 |
|                         gntv_or_sync_fifo.gl0.rd                                   |                                     dbg_hub_rd_logic |         Static |            - |         10 |         10 |       0 |    0 |   11 |      0 |      0 |          0 |
|                           gras.rsts                                                |                           dbg_hub_rd_status_flags_as |         Static |            - |          2 |          2 |       0 |    0 |    2 |      0 |      0 |          0 |
|                           grhf.rhf                                                 |                         dbg_hub_rd_handshaking_flags |         Static |            - |          0 |          0 |       0 |    0 |    1 |      0 |      0 |          0 |
|                           rpntr                                                    |                                  dbg_hub_rd_bin_cntr |         Static |            - |          8 |          8 |       0 |    0 |    8 |      0 |      0 |          0 |
|                         gntv_or_sync_fifo.gl0.wr                                   |                                     dbg_hub_wr_logic |         Static |            - |          5 |          5 |       0 |    0 |   15 |      0 |      0 |          0 |
|                           gwas.wsts                                                |                           dbg_hub_wr_status_flags_as |         Static |            - |          2 |          2 |       0 |    0 |    2 |      0 |      0 |          0 |
|                           gwhf.whf                                                 |                         dbg_hub_wr_handshaking_flags |         Static |            - |          0 |          0 |       0 |    0 |    1 |      0 |      0 |          0 |
|                           wpntr                                                    |                                  dbg_hub_wr_bin_cntr |         Static |            - |          3 |          3 |       0 |    0 |   12 |      0 |      0 |          0 |
|                         gntv_or_sync_fifo.mem                                      |                                       dbg_hub_memory |         Static |            - |         12 |          0 |      12 |    0 |   16 |      0 |      0 |          0 |
|                           gdm.dm_gen.dm                                            |                                         dbg_hub_dmem |         Static |            - |         12 |          0 |      12 |    0 |   16 |      0 |      0 |          0 |
|                         rstblk                                                     |                            dbg_hub_reset_blk_ramfifo |         Static |            - |          4 |          4 |       0 |    0 |   16 |      0 |      0 |          0 |
|                           (rstblk)                                                 |                            dbg_hub_reset_blk_ramfifo |         Static |            - |          0 |          0 |       0 |    0 |   12 |      0 |      0 |          0 |
|                           ngwrdrst.grst.g7serrst.gwrrd_rst_sync_stage[1].rrst_inst |                              dbg_hub_synchronizer_ff |         Static |            - |          1 |          1 |       0 |    0 |    1 |      0 |      0 |          0 |
|                           ngwrdrst.grst.g7serrst.gwrrd_rst_sync_stage[1].wrst_inst |                            dbg_hub_synchronizer_ff_1 |         Static |            - |          1 |          1 |       0 |    0 |    1 |      0 |      0 |          0 |
|                           ngwrdrst.grst.g7serrst.gwrrd_rst_sync_stage[2].rrst_inst |                            dbg_hub_synchronizer_ff_2 |         Static |            - |          1 |          1 |       0 |    0 |    1 |      0 |      0 |          0 |
|                           ngwrdrst.grst.g7serrst.gwrrd_rst_sync_stage[2].wrst_inst |                            dbg_hub_synchronizer_ff_3 |         Static |            - |          1 |          1 |       0 |    0 |    1 |      0 |      0 |          0 |
|             U_CMD7_CTL                                                             |         dbg_hub_xsdbm_v3_0_0_ctl_reg__parameterized2 |         Static |            - |          1 |          1 |       0 |    0 |   12 |      0 |      0 |          0 |
|             U_CMD7_STAT                                                            |      dbg_hub_xsdbm_v3_0_0_stat_reg__parameterized0_0 |         Static |            - |          4 |          4 |       0 |    0 |   18 |      0 |      0 |          0 |
|             U_STATIC_STATUS                                                        |                dbg_hub_xsdbm_v3_0_0_if_static_status |         Static |            - |          9 |          9 |       0 |    0 |    7 |      0 |      0 |          0 |
|           U_XSDB_ADDRESS_CONTROLLER                                                |                        dbg_hub_xsdbm_v3_0_0_addr_ctl |         Static |            - |         18 |         18 |       0 |    0 |   19 |      0 |      0 |          0 |
|           U_XSDB_BURST_WD_LEN_CONTROLLER                                           |                 dbg_hub_xsdbm_v3_0_0_burst_wdlen_ctl |         Static |            - |         23 |         23 |       0 |    0 |   20 |      0 |      0 |          0 |
|           U_XSDB_BUS_CONTROLLER                                                    |                         dbg_hub_xsdbm_v3_0_0_bus_ctl |         Static |            - |         69 |         69 |       0 |    0 |   48 |      0 |      0 |          0 |
|             (U_XSDB_BUS_CONTROLLER)                                                |                         dbg_hub_xsdbm_v3_0_0_bus_ctl |         Static |            - |         11 |         11 |       0 |    0 |   37 |      0 |      0 |          0 |
|             U_RD_ABORT_FLAG                                                        |     dbg_hub_xsdbm_v3_0_0_bus_ctl_flg__parameterized0 |         Static |            - |          7 |          7 |       0 |    0 |    1 |      0 |      0 |          0 |
|             U_RD_REQ_FLAG                                                          |                     dbg_hub_xsdbm_v3_0_0_bus_ctl_flg |         Static |            - |          6 |          6 |       0 |    0 |    2 |      0 |      0 |          0 |
|             U_TIMER                                                                |                     dbg_hub_xsdbm_v3_0_0_bus_ctl_cnt |         Static |            - |         47 |         47 |       0 |    0 |    8 |      0 |      0 |          0 |
|           U_XSDB_BUS_MSTR2SL_PORT_IFACE                                            |                  dbg_hub_xsdbm_v3_0_0_bus_mstr2sl_if |         Static |            - |          0 |          0 |       0 |    0 |   17 |      0 |      0 |          0 |
|             (U_XSDB_BUS_MSTR2SL_PORT_IFACE)                                        |                  dbg_hub_xsdbm_v3_0_0_bus_mstr2sl_if |         Static |            - |          0 |          0 |       0 |    0 |   17 |      0 |      0 |          0 |
|             U_RD_DIN_BUS_MUX                                                       |                     dbg_hub_ltlib_v1_0_0_generic_mux |         Static |            - |          0 |          0 |       0 |    0 |    0 |      0 |      0 |          0 |
|         CORE_XSDB.U_ICON                                                           |                            dbg_hub_xsdbm_v3_0_0_icon |         Static |            - |         17 |         17 |       0 |    0 |   28 |      0 |      0 |          0 |
|           (CORE_XSDB.U_ICON)                                                       |                            dbg_hub_xsdbm_v3_0_0_icon |         Static |            - |          1 |          1 |       0 |    0 |    3 |      0 |      0 |          0 |
|           U_CMD                                                                    |                      dbg_hub_xsdbm_v3_0_0_cmd_decode |         Static |            - |          9 |          9 |       0 |    0 |   10 |      0 |      0 |          0 |
|           U_STAT                                                                   |                            dbg_hub_xsdbm_v3_0_0_stat |         Static |            - |          5 |          5 |       0 |    0 |    7 |      0 |      0 |          0 |
|           U_SYNC                                                                   |                            dbg_hub_xsdbm_v3_0_0_sync |         Static |            - |          3 |          3 |       0 |    0 |    8 |      0 |      0 |          0 |
|         SWITCH_N_EXT_BSCAN.bscan_inst                                              |                           dbg_hub_ltlib_v1_0_0_bscan |         Static |            - |          0 |          0 |       0 |    0 |    0 |      0 |      0 |          0 |
|         SWITCH_N_EXT_BSCAN.bscan_switch                                            |                    dbg_hub_xsdbm_v3_0_0_bscan_switch |         Static |            - |        124 |        124 |       0 |    0 |  125 |      0 |      0 |          0 |
+------------------------------------------------------------------------------------+------------------------------------------------------+----------------+--------------+------------+------------+---------+------+------+--------+--------+------------+
* Note: The sum of lower-level cells may be larger than their parent cells total, due to cross-hierarchy LUT combining


