Command: pr_verify -full_check -initial D:/Projects/RC_Project/vivado/t1_dfx/t1_dfx.runs/impl_1/top_dfx_routed.dcp -additional {D:/Projects/RC_Project/vivado/t1_dfx/t1_dfx.runs/child_0_impl_1/top_dfx_routed.dcp D:/Projects/RC_Project/vivado/t1_dfx/t1_dfx.runs/child_1_impl_1/top_dfx_routed.dcp} -file D:/Projects/RC_Project/docs/t1_reports/pr_verify.rpt
Tue Sep 29 18:05:36 2026

INFO: [Constraints 18-1020] PR Verify Summary:
DCP1: D:/Projects/RC_Project/vivado/t1_dfx/t1_dfx.runs/impl_1/top_dfx_routed.dcp
  Number of reconfigurable modules compared = 1
  Number of partition pins compared         = 78
  Number of static tiles compared           = 1734
  Number of static sites compared           = 362
  Number of static cells compared           = 2234
  Number of static routed nodes compared    = 19466
  Number of static routed pips compared     = 17540

DCP2: D:/Projects/RC_Project/vivado/t1_dfx/t1_dfx.runs/child_0_impl_1/top_dfx_routed.dcp
  Number of reconfigurable modules compared = 1
  Number of partition pins compared         = 78
  Number of static tiles compared           = 1734
  Number of static sites compared           = 362
  Number of static cells compared           = 2234
  Number of static routed nodes compared    = 19466
  Number of static routed pips compared     = 17540
INFO: [Vivado 12-3253] PR_VERIFY: check points D:/Projects/RC_Project/vivado/t1_dfx/t1_dfx.runs/impl_1/top_dfx_routed.dcp and D:/Projects/RC_Project/vivado/t1_dfx/t1_dfx.runs/child_0_impl_1/top_dfx_routed.dcp are compatible
INFO: [Constraints 18-1020] PR Verify Summary:
DCP1: D:/Projects/RC_Project/vivado/t1_dfx/t1_dfx.runs/impl_1/top_dfx_routed.dcp
  Number of reconfigurable modules compared = 1
  Number of partition pins compared         = 78
  Number of static tiles compared           = 1734
  Number of static sites compared           = 362
  Number of static cells compared           = 2234
  Number of static routed nodes compared    = 19466
  Number of static routed pips compared     = 17540

DCP2: D:/Projects/RC_Project/vivado/t1_dfx/t1_dfx.runs/child_1_impl_1/top_dfx_routed.dcp
  Number of reconfigurable modules compared = 1
  Number of partition pins compared         = 78
  Number of static tiles compared           = 1734
  Number of static sites compared           = 362
  Number of static cells compared           = 2234
  Number of static routed nodes compared    = 19466
  Number of static routed pips compared     = 17540
INFO: [Vivado 12-3253] PR_VERIFY: check points D:/Projects/RC_Project/vivado/t1_dfx/t1_dfx.runs/impl_1/top_dfx_routed.dcp and D:/Projects/RC_Project/vivado/t1_dfx/t1_dfx.runs/child_1_impl_1/top_dfx_routed.dcp are compatible
